INFO:     Started server process [10868]
INFO:     Waiting for application startup.
INFO:     Application startup complete.
INFO:     Uvicorn running on http://127.0.0.1:8000 (Press CTRL+C to quit)
{"ts": "2026-09-24T12:22:55.127662+00:00", "event": "request", "request_id": "d861eaf6-9898-4734-86ba-90446dce0da2", "path": "/openapi.json", "method": "GET", "status": 200, "latency_ms": 117.64}
{"ts": "2026-09-24T12:23:12.111409+00:00", "event": "request", "request_id": "2dc66309-1c84-480e-8015-404ab488c675", "path": "/api/kpi/users-with-category", "method": "GET", "status": 200, "latency_ms": 338.16}
{"ts": "2026-09-24T12:23:12.493025+00:00", "event": "request", "request_id": "1680521a-0453-4a64-bc83-0b909a796b54", "path": "/api/kpi/users-with-category", "method": "GET", "status": 200, "latency_ms": 357.11}
{"ts": "2026-09-24T12:23:12.848034+00:00", "event": "request", "request_id": "43acb97f-ff61-4425-b0cb-e8a8e6e3fbf0", "path": "/api/kpi/review", "method": "GET", "status": 200, "latency_ms": 1073.51}
{"ts": "2026-09-24T12:23:13.425560+00:00", "event": "request", "request_id": "9d964bea-b1aa-4aba-803b-88315900babf", "path": "/api/kpi/review", "method": "GET", "status": 200, "latency_ms": 568.56}
{"ts": "2026-09-24T12:23:37.665750+00:00", "event": "request", "request_id": "a4807057-1bec-4eb7-9f7b-ec842e4c407b", "path": "/api/kpi/admin-sheet", "method": "GET", "status": 200, "latency_ms": 644.5}
{"ts": "2026-09-24T12:23:37.691565+00:00", "event": "request", "request_id": "bee549f7-2e98-4441-838e-6bf08cdfad8f", "path": "/api/kpi/review", "method": "GET", "status": 200, "latency_ms": 671.44}
{"ts": "2026-09-24T12:23:38.135332+00:00", "event": "request", "request_id": "b11995d1-5123-4674-aa0f-4a0164dd8375", "path": "/api/kpi/users-with-category", "method": "GET", "status": 200, "latency_ms": 1110.8}
{"ts": "2026-09-24T12:23:38.388176+00:00", "event": "request", "request_id": "8512a2ca-4118-4f5d-a24c-61d12a93ebd5", "path": "/api/kpi/review", "method": "GET", "status": 200, "latency_ms": 687.74}
{"ts": "2026-09-24T12:23:38.406911+00:00", "event": "request", "request_id": "76b2fa9b-8e96-4b02-8a84-4c1048002cc3", "path": "/api/kpi/admin-sheet", "method": "GET", "status": 200, "latency_ms": 712.05}
{"ts": "2026-09-24T12:23:38.574412+00:00", "event": "request", "request_id": "146fdff4-24ca-4ae0-b521-4123bcd85070", "path": "/api/kpi/users-with-category", "method": "GET", "status": 200, "latency_ms": 432.8}
{"ts": "2026-09-24T12:23:43.767524+00:00", "event": "request", "request_id": "765da11e-c51b-49db-ba93-7dc135bbb04c", "path": "/api/kpi/admin-sheet", "method": "GET", "status": 200, "latency_ms": 606.0}
{"ts": "2026-09-24T12:27:29.568361+00:00", "event": "request", "request_id": "16d63577-8058-45b7-8008-1c3fd8b8004e", "path": "/api/kpi/users-with-category", "method": "GET", "status": 200, "latency_ms": 1043.42}
{"ts": "2026-09-24T12:27:29.961956+00:00", "event": "request", "request_id": "fba6c17a-5467-4657-81ac-4db2207d31ae", "path": "/api/kpi/users-with-category", "method": "GET", "status": 200, "latency_ms": 360.67}
{"ts": "2026-09-24T12:27:30.068190+00:00", "event": "request", "request_id": "1def2a41-8ac7-486d-b51a-109012edc873", "path": "/api/kpi/review", "method": "GET", "status": 200, "latency_ms": 1539.11}
{"ts": "2026-09-24T12:27:30.675100+00:00", "event": "request", "request_id": "29a7c0d7-a7e4-4a65-839c-ce7a64bc3742", "path": "/api/kpi/review", "method": "GET", "status": 200, "latency_ms": 579.67}
{"ts": "2026-09-24T12:29:46.347967+00:00", "event": "request", "request_id": "694a732a-d73e-4288-9b53-2ce1c232010a", "path": "/api/auth/logout", "method": "POST", "status": 200, "latency_ms": 1415.54}
{"ts": "2026-09-24T12:29:50.402007+00:00", "event": "request", "request_id": "0c337dd7-9c37-4155-a6f6-f0b30c137ddf", "path": "/api/auth/login", "method": "POST", "status": 200, "latency_ms": 955.6}
{"ts": "2026-09-24T12:29:51.017185+00:00", "event": "request", "request_id": "78be277f-3d27-4be6-a27e-2c68c8c7a60e", "path": "/api/dashboard/preferences", "method": "GET", "status": 200, "latency_ms": 566.45}
{"ts": "2026-09-24T12:29:51.359983+00:00", "event": "request", "request_id": "94da55f8-a382-4f26-b1b6-8161e2c007a6", "path": "/api/dashboard/attention", "method": "GET", "status": 200, "latency_ms": 916.4}
{"ts": "2026-09-24T12:29:51.426699+00:00", "event": "request", "request_id": "6f4a4d8f-f11b-4e9c-a3d5-ba638c43b452", "path": "/api/dashboard/preferences", "method": "GET", "status": 200, "latency_ms": 381.72}
{"ts": "2026-09-24T12:29:52.218416+00:00", "event": "request", "request_id": "2b930959-ce6e-4f59-9407-b751b5385613", "path": "/api/dashboard/attention", "method": "GET", "status": 200, "latency_ms": 851.14}
{"ts": "2026-09-24T12:29:52.567333+00:00", "event": "request", "request_id": "4d14f292-f9c3-4301-8d33-51e25ddcffa8", "path": "/api/dashboard/analytics", "method": "GET", "status": 200, "latency_ms": 2124.32}
{"ts": "2026-09-24T12:29:52.758696+00:00", "event": "request", "request_id": "3bdc3cfd-edb0-4926-91ab-d9f961f8eae5", "path": "/api/notifications", "method": "GET", "status": 200, "latency_ms": 2307.38}
{"ts": "2026-09-24T12:29:52.984811+00:00", "event": "request", "request_id": "05d95a8f-9b3f-4942-ba7c-6ed138af0d66", "path": "/api/dashboard/summary", "method": "GET", "status": 200, "latency_ms": 2542.51}
{"ts": "2026-09-24T12:29:54.576607+00:00", "event": "request", "request_id": "afd26cfa-1987-4738-a117-3d398052c379", "path": "/api/dashboard/analytics", "method": "GET", "status": 200, "latency_ms": 1981.88}
{"ts": "2026-09-24T12:29:55.309710+00:00", "event": "request", "request_id": "a845ffee-e121-4778-97f5-9a52febc28f2", "path": "/api/kpi/my", "method": "GET", "status": 200, "latency_ms": 474.9}
{"ts": "2026-09-24T12:29:55.637930+00:00", "event": "request", "request_id": "36d97cd5-94de-4c99-a6c6-1da8566cc9f2", "path": "/api/notifications", "method": "GET", "status": 200, "latency_ms": 2868.43}
{"ts": "2026-09-24T12:29:56.056173+00:00", "event": "request", "request_id": "f0356c2d-85a4-41cf-8c32-b7fbdfb1e8c6", "path": "/api/dashboard/summary", "method": "GET", "status": 200, "latency_ms": 3042.17}
{"ts": "2026-09-24T12:29:56.423556+00:00", "event": "request", "request_id": "75655d86-4ad5-4265-add2-27a3c2133820", "path": "/api/kpi/my", "method": "GET", "status": 200, "latency_ms": 1093.35}
{"ts": "2026-09-24T12:29:58.046629+00:00", "event": "request", "request_id": "b7e141f0-d9bd-42fa-a288-f16ceafdac13", "path": "/api/notifications", "method": "GET", "status": 200, "latency_ms": 2382.43}
{"ts": "2026-09-24T12:30:16.390586+00:00", "event": "request", "request_id": "ee15930d-c3db-4575-bef5-9828b035aed9", "path": "/api/kpi/actuals", "method": "PUT", "status": 200, "latency_ms": 651.73}
{"ts": "2026-09-24T12:30:17.062696+00:00", "event": "request", "request_id": "b875afc6-ea2f-4de2-b14e-7c3b3528a900", "path": "/api/kpi/actuals", "method": "PUT", "status": 200, "latency_ms": 646.5}
{"ts": "2026-09-24T12:30:17.975298+00:00", "event": "request", "request_id": "6700b515-037a-4495-8438-97f7dc1fb5af", "path": "/api/kpi/actuals", "method": "PUT", "status": 200, "latency_ms": 889.04}
{"ts": "2026-09-24T12:30:18.719636+00:00", "event": "request", "request_id": "e59a6ee4-2c02-4094-afbf-45e487ccd25a", "path": "/api/kpi/actuals", "method": "PUT", "status": 200, "latency_ms": 731.9}
{"ts": "2026-09-24T12:30:19.806039+00:00", "event": "request", "request_id": "67b02ee5-6f8c-4e64-b601-bd8a2cdc8a02", "path": "/api/kpi/actuals", "method": "PUT", "status": 200, "latency_ms": 1068.62}
{"ts": "2026-09-24T12:30:20.577407+00:00", "event": "request", "request_id": "7c7c8232-efd1-4f3a-852e-d420984aec17", "path": "/api/kpi/actuals", "method": "PUT", "status": 200, "latency_ms": 765.07}
{"ts": "2026-09-24T12:30:21.256874+00:00", "event": "request", "request_id": "015ab9b5-8d4d-4f87-914e-8c481229cba5", "path": "/api/kpi/actuals", "method": "PUT", "status": 200, "latency_ms": 651.44}
{"ts": "2026-09-24T12:30:22.188922+00:00", "event": "request", "request_id": "f291575c-c003-45d4-9673-346971616d93", "path": "/api/kpi/submit", "method": "POST", "status": 200, "latency_ms": 919.57}
{"ts": "2026-09-24T12:30:22.884400+00:00", "event": "request", "request_id": "4612ffc3-3268-4173-ae51-b3f0f31f3fbf", "path": "/api/kpi/my", "method": "GET", "status": 200, "latency_ms": 665.54}
{"ts": "2026-09-24T12:30:32.882500+00:00", "event": "request", "request_id": "811f14be-16a6-48b0-888a-0126f13970d7", "path": "/api/auth/logout", "method": "POST", "status": 200, "latency_ms": 770.65}
{"ts": "2026-09-24T12:30:37.192972+00:00", "event": "request", "request_id": "bab948d8-437a-4a3e-bfb7-0f5a5491000c", "path": "/api/auth/login", "method": "POST", "status": 200, "latency_ms": 856.9}
{"ts": "2026-09-24T12:30:37.450475+00:00", "event": "request", "request_id": "b3b1efb2-1524-4b49-8d02-6c4e52705c7d", "path": "/api/dashboard/preferences", "method": "GET", "status": 200, "latency_ms": 217.07}
{"ts": "2026-09-24T12:30:37.782311+00:00", "event": "request", "request_id": "de41f65b-185a-4515-b40c-572a732c92e5", "path": "/api/dashboard/preferences", "method": "GET", "status": 200, "latency_ms": 323.98}
{"ts": "2026-09-24T12:30:38.212918+00:00", "event": "request", "request_id": "16fd2cd8-3a9b-48b5-9e6f-a6952b03bc27", "path": "/api/dashboard/attention", "method": "GET", "status": 200, "latency_ms": 979.71}
{"ts": "2026-09-24T12:30:39.065294+00:00", "event": "request", "request_id": "3c61cb33-a05e-46ec-bb09-09671d398e37", "path": "/api/dashboard/attention", "method": "GET", "status": 200, "latency_ms": 845.14}
{"ts": "2026-09-24T12:30:39.084989+00:00", "event": "request", "request_id": "974f66a9-5876-4689-87bf-e72e15a6d56c", "path": "/api/notifications", "method": "GET", "status": 200, "latency_ms": 1851.49}
{"ts": "2026-09-24T12:30:39.277730+00:00", "event": "request", "request_id": "09f68409-02ba-48a9-a198-f699566d9693", "path": "/api/dashboard/summary", "method": "GET", "status": 200, "latency_ms": 2045.98}
{"ts": "2026-09-24T12:30:39.430817+00:00", "event": "request", "request_id": "b9bf1d63-f007-43bc-837d-5726804af82a", "path": "/api/dashboard/analytics", "method": "GET", "status": 200, "latency_ms": 2198.51}
{"ts": "2026-09-24T12:30:40.150606+00:00", "event": "request", "request_id": "4ffad296-1a9a-49a4-a99b-2d8cdd7733c7", "path": "/api/kpi/users-with-category", "method": "GET", "status": 200, "latency_ms": 211.69}
{"ts": "2026-09-24T12:30:40.350877+00:00", "event": "request", "request_id": "fc7116f3-d777-4ad7-bd6a-c61b0918fb7d", "path": "/api/kpi/review", "method": "GET", "status": 200, "latency_ms": 411.71}
{"ts": "2026-09-24T12:30:40.386459+00:00", "event": "request", "request_id": "725b12d8-abeb-4066-9162-0e848c44618e", "path": "/api/kpi/users-with-category", "method": "GET", "status": 200, "latency_ms": 212.52}
{"ts": "2026-09-24T12:30:40.890627+00:00", "event": "request", "request_id": "d1c4a358-194d-4465-a6e0-bd56fedc2711", "path": "/api/notifications", "method": "GET", "status": 200, "latency_ms": 1797.11}
{"ts": "2026-09-24T12:30:40.915553+00:00", "event": "request", "request_id": "71ed80ca-a076-445b-bb56-53574da24a2a", "path": "/api/kpi/review", "method": "GET", "status": 200, "latency_ms": 537.35}
{"ts": "2026-09-24T12:30:41.198344+00:00", "event": "request", "request_id": "34b42b96-a4f4-49cf-a7cd-b1425228c953", "path": "/api/kpi/admin-sheet", "method": "GET", "status": 200, "latency_ms": 1258.01}
{"ts": "2026-09-24T12:30:41.557209+00:00", "event": "request", "request_id": "6ea6a0b4-fab5-4178-943b-a3366662042e", "path": "/api/dashboard/analytics", "method": "GET", "status": 200, "latency_ms": 2117.4}
{"ts": "2026-09-24T12:30:41.680872+00:00", "event": "request", "request_id": "031ddda1-e9b0-4a7b-85d3-c25562ba9422", "path": "/api/kpi/admin-sheet", "method": "GET", "status": 200, "latency_ms": 463.04}
{"ts": "2026-09-24T12:30:41.825095+00:00", "event": "request", "request_id": "5699bca4-e02a-48e7-a275-c1a34e1014fe", "path": "/api/dashboard/summary", "method": "GET", "status": 200, "latency_ms": 2537.22}
{"ts": "2026-09-24T12:30:43.272082+00:00", "event": "request", "request_id": "d414e14c-3758-4949-99d1-3e3fe3f85770", "path": "/api/notifications", "method": "GET", "status": 200, "latency_ms": 2359.52}
{"ts": "2026-09-24T12:30:43.342244+00:00", "event": "request", "request_id": "d6ca3341-4a76-4f31-9eb4-303575d9a899", "path": "/api/kpi/admin-sheet", "method": "GET", "status": 200, "latency_ms": 491.86}
{"ts": "2026-09-24T12:30:56.973737+00:00", "event": "request", "request_id": "fe73e2cf-1a40-4deb-98a2-b1bb17e695cf", "path": "/api/kpi/users-with-category", "method": "GET", "status": 200, "latency_ms": 384.19}
{"ts": "2026-09-24T12:30:57.074762+00:00", "event": "request", "request_id": "dd008709-c35b-45e9-873e-526ebad5842b", "path": "/api/kpi/review", "method": "GET", "status": 200, "latency_ms": 484.67}
{"ts": "2026-09-24T12:30:57.609134+00:00", "event": "request", "request_id": "19de8133-6005-4f12-a732-5e5da0248a37", "path": "/api/kpi/users-with-category", "method": "GET", "status": 200, "latency_ms": 629.86}
{"ts": "2026-09-24T12:30:58.006087+00:00", "event": "request", "request_id": "61c53a2a-be00-463e-95f7-2cc1d7976e8f", "path": "/api/kpi/review", "method": "GET", "status": 200, "latency_ms": 926.8}
{"ts": "2026-09-24T12:31:27.916681+00:00", "event": "request", "request_id": "b24c1d1e-c9ad-4dd2-acf6-a5a47dcbf4e1", "path": "/api/kpi/review/11", "method": "PUT", "status": 200, "latency_ms": 586.32}
{"ts": "2026-09-24T12:31:28.400830+00:00", "event": "request", "request_id": "12e59435-fb02-4f06-a629-98cbaae1f75d", "path": "/api/kpi/review", "method": "GET", "status": 200, "latency_ms": 463.72}
{"ts": "2026-09-24T12:31:32.166411+00:00", "event": "request", "request_id": "8054f2a8-6b30-4a31-a1b8-0e9590a3f94a", "path": "/api/kpi/review/12", "method": "PUT", "status": 200, "latency_ms": 1392.94}
{"ts": "2026-09-24T12:31:32.661858+00:00", "event": "request", "request_id": "fbc2b2d4-ce0f-4121-a6ca-2b0ee60002f8", "path": "/api/kpi/review", "method": "GET", "status": 200, "latency_ms": 458.9}
{"ts": "2026-09-24T12:31:37.070867+00:00", "event": "request", "request_id": "012e5ada-b487-42ab-a476-b908ecba41e0", "path": "/api/kpi/review/13", "method": "PUT", "status": 200, "latency_ms": 1211.62}
{"ts": "2026-09-24T12:31:37.503583+00:00", "event": "request", "request_id": "f42ba07b-9bd1-4fc2-a20f-ad59ecf61394", "path": "/api/kpi/review", "method": "GET", "status": 200, "latency_ms": 410.42}
{"ts": "2026-09-24T12:31:41.213962+00:00", "event": "request", "request_id": "a9d33063-46f2-44ac-9282-53624b85707b", "path": "/api/kpi/review/14", "method": "PUT", "status": 200, "latency_ms": 456.79}
{"ts": "2026-09-24T12:31:41.702199+00:00", "event": "request", "request_id": "33e28218-7deb-426f-802a-7fb41e1bd270", "path": "/api/kpi/review", "method": "GET", "status": 200, "latency_ms": 460.67}
{"ts": "2026-09-24T12:31:44.708069+00:00", "event": "request", "request_id": "ab258732-96e5-42e7-b9fc-111c50364ea1", "path": "/api/kpi/review/15", "method": "PUT", "status": 200, "latency_ms": 539.51}
{"ts": "2026-09-24T12:31:45.152419+00:00", "event": "request", "request_id": "5e7e97ed-6ae6-4905-84fe-3204b09a4a08", "path": "/api/kpi/review", "method": "GET", "status": 200, "latency_ms": 418.04}
{"ts": "2026-09-24T12:31:47.837689+00:00", "event": "request", "request_id": "7715be6f-a279-43cd-9119-787d8c2092a8", "path": "/api/kpi/review/16", "method": "PUT", "status": 200, "latency_ms": 474.89}
{"ts": "2026-09-24T12:31:48.283048+00:00", "event": "request", "request_id": "64950965-1300-43fc-ac77-6f7f84c36d06", "path": "/api/kpi/review", "method": "GET", "status": 200, "latency_ms": 424.33}
{"ts": "2026-09-24T12:31:50.745107+00:00", "event": "request", "request_id": "bbf107be-59e7-4344-ac6e-3fa1d3a04760", "path": "/api/kpi/review/17", "method": "PUT", "status": 200, "latency_ms": 462.34}
{"ts": "2026-09-24T12:31:51.248998+00:00", "event": "request", "request_id": "f0a069c6-ad35-42a1-8f85-3b10dfe5aa59", "path": "/api/kpi/review", "method": "GET", "status": 200, "latency_ms": 471.46}
{"ts": "2026-09-24T12:32:04.983108+00:00", "event": "request", "request_id": "2ce107d9-5c9d-48b1-a231-b46649ff9eae", "path": "/api/kpi/submissions/1/review", "method": "PUT", "status": 200, "latency_ms": 644.02}
{"ts": "2026-09-24T12:32:05.464808+00:00", "event": "request", "request_id": "8d84d64b-054b-4b07-b460-e5d03a29ffe7", "path": "/api/kpi/review", "method": "GET", "status": 200, "latency_ms": 467.85}
{"ts": "2026-09-24T12:32:22.088921+00:00", "event": "request", "request_id": "8ea93d7a-82a0-4af4-aafe-8d0c091f6e42", "path": "/api/auth/logout", "method": "POST", "status": 200, "latency_ms": 998.22}
{"ts": "2026-09-24T12:32:26.358132+00:00", "event": "request", "request_id": "df02ae34-dfb6-4a3e-abab-f07dffea47a8", "path": "/api/auth/login", "method": "POST", "status": 200, "latency_ms": 740.18}
{"ts": "2026-09-24T12:32:26.982245+00:00", "event": "request", "request_id": "7b7bdd84-69a1-4ea3-a52e-d18dab4585b3", "path": "/api/dashboard/preferences", "method": "GET", "status": 200, "latency_ms": 571.05}
{"ts": "2026-09-24T12:32:27.172376+00:00", "event": "request", "request_id": "0973461f-0dff-47c4-8a09-543eceae4767", "path": "/api/dashboard/attention", "method": "GET", "status": 200, "latency_ms": 762.08}
{"ts": "2026-09-24T12:32:27.689706+00:00", "event": "request", "request_id": "66e73442-d6f3-4577-a783-41b246a90a8f", "path": "/api/dashboard/preferences", "method": "GET", "status": 200, "latency_ms": 683.32}
{"ts": "2026-09-24T12:32:27.881585+00:00", "event": "request", "request_id": "3354a2d4-3fbb-422d-aa2c-20731335f722", "path": "/api/dashboard/analytics", "method": "GET", "status": 200, "latency_ms": 1472.82}
{"ts": "2026-09-24T12:32:28.138718+00:00", "event": "request", "request_id": "f852901d-8f28-4a56-926e-870b2e7cf99d", "path": "/api/dashboard/attention", "method": "GET", "status": 200, "latency_ms": 944.54}
{"ts": "2026-09-24T12:32:28.211121+00:00", "event": "request", "request_id": "94a0338c-8faa-41fe-943d-fd7cb96d7984", "path": "/api/notifications", "method": "GET", "status": 200, "latency_ms": 1799.6}
{"ts": "2026-09-24T12:32:28.251969+00:00", "event": "request", "request_id": "1886a31f-753a-4b4d-a690-bbf3a6107ad8", "path": "/api/kpi/my", "method": "GET", "status": 200, "latency_ms": 427.77}
{"ts": "2026-09-24T12:32:28.697258+00:00", "event": "request", "request_id": "76bf218e-e27f-4f39-ad63-0f2f9e89fbba", "path": "/api/dashboard/summary", "method": "GET", "status": 200, "latency_ms": 2291.57}
{"ts": "2026-09-24T12:32:29.129168+00:00", "event": "request", "request_id": "42fc4b86-7886-4e2a-ab8b-c924ce798237", "path": "/api/kpi/my", "method": "GET", "status": 200, "latency_ms": 866.68}
{"ts": "2026-09-24T12:32:29.416757+00:00", "event": "request", "request_id": "ec0cd64a-3d6c-4ab6-88fb-d84d2265ba80", "path": "/api/dashboard/analytics", "method": "GET", "status": 200, "latency_ms": 1508.19}
{"ts": "2026-09-24T12:32:30.293662+00:00", "event": "request", "request_id": "6b7ccd35-0e20-4aa2-a908-672872a3c98a", "path": "/api/notifications", "method": "GET", "status": 200, "latency_ms": 2052.96}
{"ts": "2026-09-24T12:32:31.604276+00:00", "event": "request", "request_id": "af360038-9b4b-4279-a7b0-43c90bc1c05b", "path": "/api/dashboard/summary", "method": "GET", "status": 200, "latency_ms": 2879.6}
{"ts": "2026-09-24T12:32:32.102983+00:00", "event": "request", "request_id": "62e9a369-9c98-4cda-863f-8d68154ff75e", "path": "/api/notifications", "method": "GET", "status": 200, "latency_ms": 1784.11}
{"ts": "2026-09-24T12:33:54.111021+00:00", "event": "request", "request_id": "939beae5-e3de-4aca-a9d1-d0fc8b9c014f", "path": "/api/auth/logout", "method": "POST", "status": 401, "latency_ms": 54.68}
{"ts": "2026-09-24T12:33:54.757384+00:00", "event": "request", "request_id": "e30e343d-b3b1-40bf-8110-0cf0e3076596", "path": "/api/auth/logout", "method": "POST", "status": 200, "latency_ms": 2898.02}
{"ts": "2026-09-24T12:33:59.433026+00:00", "event": "request", "request_id": "0a4be80e-b8b5-493c-b6b3-63698ff5c323", "path": "/api/auth/login", "method": "POST", "status": 200, "latency_ms": 789.25}
{"ts": "2026-09-24T12:33:59.832053+00:00", "event": "request", "request_id": "861a7613-7eea-4c34-9dfc-44ef5b7a5202", "path": "/api/dashboard/preferences", "method": "GET", "status": 200, "latency_ms": 339.43}
{"ts": "2026-09-24T12:34:00.086715+00:00", "event": "request", "request_id": "cc43156f-4224-4c08-a004-bef156e90f18", "path": "/api/dashboard/preferences", "method": "GET", "status": 200, "latency_ms": 224.16}
{"ts": "2026-09-24T12:34:00.278374+00:00", "event": "request", "request_id": "6777a8be-86d4-4c0c-b4d5-ca352e33478a", "path": "/api/dashboard/attention", "method": "GET", "status": 200, "latency_ms": 786.2}
{"ts": "2026-09-24T12:34:01.032037+00:00", "event": "request", "request_id": "c943ee91-7ea1-4aba-96d5-da84a7670205", "path": "/api/dashboard/attention", "method": "GET", "status": 200, "latency_ms": 731.22}
{"ts": "2026-09-24T12:34:01.094009+00:00", "event": "request", "request_id": "87501c64-94bc-4b2f-b81b-d2bbd526b1ac", "path": "/api/notifications", "method": "GET", "status": 200, "latency_ms": 1600.82}
{"ts": "2026-09-24T12:34:01.238365+00:00", "event": "request", "request_id": "3f08d76f-d343-4518-b462-936b3aa24703", "path": "/api/dashboard/analytics", "method": "GET", "status": 200, "latency_ms": 1748.39}
{"ts": "2026-09-24T12:34:01.256686+00:00", "event": "request", "request_id": "36638177-0ea2-46a2-8a57-f7ba00e85447", "path": "/api/dashboard/summary", "method": "GET", "status": 200, "latency_ms": 1768.47}
{"ts": "2026-09-24T12:34:02.440326+00:00", "event": "request", "request_id": "0222caed-35b8-4ee7-9b11-a095a34756c7", "path": "/api/kpi/users-with-category", "method": "GET", "status": 200, "latency_ms": 239.3}
{"ts": "2026-09-24T12:34:02.552582+00:00", "event": "request", "request_id": "d56c873e-169f-442f-b39b-45df81cf24c1", "path": "/api/kpi/review", "method": "GET", "status": 200, "latency_ms": 351.38}
{"ts": "2026-09-24T12:34:02.682618+00:00", "event": "request", "request_id": "a2fdfb7b-9fc0-4c97-89ee-574c85a2efc8", "path": "/api/kpi/users-with-category", "method": "GET", "status": 200, "latency_ms": 217.5}
{"ts": "2026-09-24T12:34:02.706879+00:00", "event": "request", "request_id": "b42f375e-3cf1-471a-abd9-3fb6e3082807", "path": "/api/notifications", "method": "GET", "status": 200, "latency_ms": 1606.93}
{"ts": "2026-09-24T12:34:02.887556+00:00", "event": "request", "request_id": "74df0d1c-7095-4d4c-9aad-c7bba60d2016", "path": "/api/kpi/admin-sheet", "method": "GET", "status": 200, "latency_ms": 685.63}
{"ts": "2026-09-24T12:34:02.917957+00:00", "event": "request", "request_id": "cbf95794-6732-4903-a2ca-716715fdb97e", "path": "/api/dashboard/analytics", "method": "GET", "status": 200, "latency_ms": 1657.47}
{"ts": "2026-09-24T12:34:02.981697+00:00", "event": "request", "request_id": "011bc446-a727-4967-ba67-811962c21a37", "path": "/api/kpi/review", "method": "GET", "status": 200, "latency_ms": 404.47}
{"ts": "2026-09-24T12:34:03.394490+00:00", "event": "request", "request_id": "9942bb9e-f0f6-4753-b3b3-4310f77565c9", "path": "/api/kpi/admin-sheet", "method": "GET", "status": 200, "latency_ms": 472.62}
{"ts": "2026-09-24T12:34:03.580125+00:00", "event": "request", "request_id": "34c23655-425f-47dd-bbfb-305b977ac414", "path": "/api/dashboard/summary", "method": "GET", "status": 200, "latency_ms": 2319.35}
{"ts": "2026-09-24T12:34:04.306845+00:00", "event": "request", "request_id": "71bc4a82-a34c-456f-aa86-43540e46e27b", "path": "/api/notifications", "method": "GET", "status": 200, "latency_ms": 1592.84}
{"ts": "2026-09-24T12:34:05.738568+00:00", "event": "request", "request_id": "c7fde33e-a66c-4ffd-911a-b0989799d2e8", "path": "/api/kpi/admin-sheet", "method": "GET", "status": 200, "latency_ms": 466.68}
{"ts": "2026-09-24T12:34:21.861227+00:00", "event": "request", "request_id": "3f554d4b-4317-4243-8d2e-11f80c547ef0", "path": "/api/kpi/users-with-category", "method": "GET", "status": 200, "latency_ms": 307.12}
{"ts": "2026-09-24T12:34:21.974730+00:00", "event": "request", "request_id": "ed253a9d-7787-4333-b158-9cd9a9165dcf", "path": "/api/kpi/review", "method": "GET", "status": 200, "latency_ms": 414.79}
{"ts": "2026-09-24T12:34:22.209862+00:00", "event": "request", "request_id": "2299c036-e623-4faa-ace2-f3e2caa103ed", "path": "/api/kpi/users-with-category", "method": "GET", "status": 200, "latency_ms": 320.44}
{"ts": "2026-09-24T12:34:22.958253+00:00", "event": "request", "request_id": "e083ec01-4266-4b49-adee-b6e8ace9429f", "path": "/api/kpi/review", "method": "GET", "status": 200, "latency_ms": 957.99}
{"ts": "2026-09-24T12:35:06.411068+00:00", "event": "request", "request_id": "5afc7105-497f-49c6-ae26-04ef14da0829", "path": "/api/kpi/admin-sheet", "method": "GET", "status": 200, "latency_ms": 381.84}
{"ts": "2026-09-24T12:35:06.505711+00:00", "event": "request", "request_id": "960a30c6-2b7a-48e0-be38-3ff310be864e", "path": "/api/kpi/review", "method": "GET", "status": 200, "latency_ms": 478.1}
{"ts": "2026-09-24T12:35:06.786836+00:00", "event": "request", "request_id": "f23cefb3-b1bd-4567-8ddc-4581c84d1723", "path": "/api/kpi/admin-sheet", "method": "GET", "status": 200, "latency_ms": 346.2}
{"ts": "2026-09-24T12:35:07.034223+00:00", "event": "request", "request_id": "3f0835f4-c8fe-433d-8389-17cb5e905d8a", "path": "/api/kpi/review", "method": "GET", "status": 200, "latency_ms": 502.86}
{"ts": "2026-09-24T12:35:07.054276+00:00", "event": "request", "request_id": "34649ee6-33d3-4c20-8ad7-c248d2d34ff0", "path": "/api/kpi/users-with-category", "method": "GET", "status": 200, "latency_ms": 1032.45}
{"ts": "2026-09-24T12:35:07.373067+00:00", "event": "request", "request_id": "453d7fbf-0f56-4565-aedc-310ffe03c876", "path": "/api/kpi/users-with-category", "method": "GET", "status": 200, "latency_ms": 307.44}
{"ts": "2026-09-24T12:35:11.495144+00:00", "event": "request", "request_id": "99c1f35a-f112-4531-832c-b6954b907b06", "path": "/api/kpi/admin-sheet", "method": "GET", "status": 200, "latency_ms": 426.36}
{"ts": "2026-09-24T12:38:49.697333+00:00", "event": "request", "request_id": "9de64fd6-e96e-4078-a0ca-d489bff77859", "path": "/api/kpi/admin-sheet", "method": "GET", "status": 200, "latency_ms": 5118.93}
{"ts": "2026-09-24T12:39:12.928953+00:00", "event": "request", "request_id": "f0fe14c6-745e-4b63-b96a-3cee103a32a4", "path": "/api/kpi/admin-sheet", "method": "GET", "status": 200, "latency_ms": 622.6}
{"ts": "2026-09-24T12:39:22.915030+00:00", "event": "request", "request_id": "a9b72884-ce1a-4fcc-838b-159e3b48adca", "path": "/api/kpi/users-with-category", "method": "GET", "status": 200, "latency_ms": 372.13}
{"ts": "2026-09-24T12:39:23.338258+00:00", "event": "request", "request_id": "0a92b171-790c-4e8b-bbbd-4e0d82fc1455", "path": "/api/kpi/users-with-category", "method": "GET", "status": 200, "latency_ms": 399.66}
{"ts": "2026-09-24T12:39:23.497095+00:00", "event": "request", "request_id": "5e7d9bc6-471a-482f-8d6c-279d4cfbaf0d", "path": "/api/kpi/review", "method": "GET", "status": 200, "latency_ms": 952.66}
{"ts": "2026-09-24T12:39:24.158666+00:00", "event": "request", "request_id": "d863a20f-e19c-428d-a5a4-715ca94d26ac", "path": "/api/kpi/review", "method": "GET", "status": 200, "latency_ms": 634.59}
{"ts": "2026-09-24T12:39:44.344291+00:00", "event": "request", "request_id": "cdbfc0ee-557f-47c3-9416-6278083206ca", "path": "/api/kpi/users-with-category", "method": "GET", "status": 200, "latency_ms": 414.19}
{"ts": "2026-09-24T12:39:44.535719+00:00", "event": "request", "request_id": "18c5d493-7785-404a-aedb-1e32584720ae", "path": "/api/kpi/review", "method": "GET", "status": 200, "latency_ms": 603.6}
{"ts": "2026-09-24T12:39:44.772983+00:00", "event": "request", "request_id": "5c7589b4-5b4d-4d5e-b160-6434ff078852", "path": "/api/kpi/users-with-category", "method": "GET", "status": 200, "latency_ms": 404.34}
{"ts": "2026-09-24T12:39:45.116833+00:00", "event": "request", "request_id": "7e240a21-9478-4f6b-ae33-359c42c1fe3a", "path": "/api/kpi/review", "method": "GET", "status": 200, "latency_ms": 552.42}
{"ts": "2026-09-24T12:39:45.243415+00:00", "event": "request", "request_id": "40ac6f78-1245-40fd-b21c-246de7d27b6f", "path": "/api/kpi/admin-sheet", "method": "GET", "status": 200, "latency_ms": 1310.93}
{"ts": "2026-09-24T12:39:46.738212+00:00", "event": "request", "request_id": "d13ac609-4a85-4b76-bdd5-2b14ab4c2631", "path": "/api/kpi/admin-sheet", "method": "GET", "status": 200, "latency_ms": 1467.56}
{"ts": "2026-09-24T12:39:52.477249+00:00", "event": "request", "request_id": "894dd326-f035-4a63-9bcb-b18ddce68f4a", "path": "/api/kpi/admin-sheet", "method": "GET", "status": 200, "latency_ms": 795.76}
{"ts": "2026-09-24T12:40:24.761522+00:00", "event": "request", "request_id": "858a60dc-846d-4ef6-905f-64079af2c999", "path": "/api/kpi/users-with-category", "method": "GET", "status": 200, "latency_ms": 771.56}
{"ts": "2026-09-24T12:40:25.462435+00:00", "event": "request", "request_id": "bca18719-a34d-42e6-b135-0dfb249de582", "path": "/api/kpi/review", "method": "GET", "status": 200, "latency_ms": 1470.98}
{"ts": "2026-09-24T12:40:25.537490+00:00", "event": "request", "request_id": "d9095b1f-9e9d-444b-96ca-d8528796646e", "path": "/api/kpi/users-with-category", "method": "GET", "status": 200, "latency_ms": 755.49}
{"ts": "2026-09-24T12:40:26.475964+00:00", "event": "request", "request_id": "dfe1e13c-4fc4-4083-b663-d4783c8d062a", "path": "/api/kpi/review", "method": "GET", "status": 200, "latency_ms": 987.33}
{"ts": "2026-09-24T12:41:35.588034+00:00", "event": "request", "request_id": "1c4e8a0e-baab-4a07-abec-19d46519347b", "path": "/api/auth/logout", "method": "POST", "status": 200, "latency_ms": 1169.78}
{"ts": "2026-09-24T12:41:39.747300+00:00", "event": "request", "request_id": "e7e19cf9-2095-4dcc-ba97-c40fc502688c", "path": "/api/auth/login", "method": "POST", "status": 200, "latency_ms": 1317.96}
{"ts": "2026-09-24T12:41:40.229501+00:00", "event": "request", "request_id": "f6c2b647-894f-4a1a-8e9f-04491579de7c", "path": "/api/dashboard/preferences", "method": "GET", "status": 200, "latency_ms": 422.96}
{"ts": "2026-09-24T12:41:40.792813+00:00", "event": "request", "request_id": "c758e3ec-f487-4a3a-a186-5666a3e256b0", "path": "/api/dashboard/attention", "method": "GET", "status": 200, "latency_ms": 988.22}
{"ts": "2026-09-24T12:41:41.465023+00:00", "event": "request", "request_id": "0a7d084b-8605-4a69-9766-f5636b7d7a58", "path": "/api/dashboard/preferences", "method": "GET", "status": 200, "latency_ms": 1200.41}
{"ts": "2026-09-24T12:41:42.111887+00:00", "event": "request", "request_id": "dad0b6df-fe2a-4077-9b68-8e9f54c5fc0c", "path": "/api/kpi/my", "method": "GET", "status": 200, "latency_ms": 450.71}
{"ts": "2026-09-24T12:41:42.576223+00:00", "event": "request", "request_id": "9c597b5a-8156-40b0-b0ca-dec6c66ea7ac", "path": "/api/notifications", "method": "GET", "status": 200, "latency_ms": 2769.34}
{"ts": "2026-09-24T12:41:42.685959+00:00", "event": "request", "request_id": "8fdaee1b-5802-4628-b64c-8525b0c0445b", "path": "/api/dashboard/attention", "method": "GET", "status": 200, "latency_ms": 1863.73}
{"ts": "2026-09-24T12:41:42.968577+00:00", "event": "request", "request_id": "c8698c97-670b-4f97-a931-4dac3d7026c2", "path": "/api/kpi/my", "method": "GET", "status": 200, "latency_ms": 827.0}
{"ts": "2026-09-24T12:41:43.109608+00:00", "event": "request", "request_id": "cb4f6652-c7c4-49d3-8f1e-cd1047f01e03", "path": "/api/dashboard/analytics", "method": "GET", "status": 200, "latency_ms": 3305.36}
{"ts": "2026-09-24T12:41:44.184158+00:00", "event": "request", "request_id": "269bfaf8-0e5b-4bb9-9589-2a617f1761b7", "path": "/api/dashboard/summary", "method": "GET", "status": 200, "latency_ms": 4381.81}
{"ts": "2026-09-24T12:41:45.372099+00:00", "event": "request", "request_id": "d3a7d94a-1c53-4f3c-8ca4-1ba938af9027", "path": "/api/notifications", "method": "GET", "status": 200, "latency_ms": 2767.73}
{"ts": "2026-09-24T12:41:46.977567+00:00", "event": "request", "request_id": "a474dbf7-d844-4baf-8541-925bbea39285", "path": "/api/dashboard/analytics", "method": "GET", "status": 200, "latency_ms": 3842.23}
{"ts": "2026-09-24T12:41:48.381300+00:00", "event": "request", "request_id": "20da4dc1-e35c-4919-a34f-d54b7011f68d", "path": "/api/notifications", "method": "GET", "status": 200, "latency_ms": 2983.17}
{"ts": "2026-09-24T12:41:48.527054+00:00", "event": "request", "request_id": "7508420d-fae1-47b7-8100-67dd57ba9ef6", "path": "/api/dashboard/summary", "method": "GET", "status": 200, "latency_ms": 4327.38}
{"ts": "2026-09-24T12:42:08.645984+00:00", "event": "request", "request_id": "61824e60-4d05-44d0-9447-9f6d71240961", "path": "/api/auth/logout", "method": "POST", "status": 200, "latency_ms": 1172.45}
{"ts": "2026-09-24T12:42:13.266494+00:00", "event": "request", "request_id": "b919686e-1cb5-4663-926c-5d8a2588016a", "path": "/api/auth/login", "method": "POST", "status": 200, "latency_ms": 1082.98}
{"ts": "2026-09-24T12:42:13.890289+00:00", "event": "request", "request_id": "1fb5486a-2a65-4638-9f0f-96762c2e78eb", "path": "/api/dashboard/preferences", "method": "GET", "status": 200, "latency_ms": 565.09}
{"ts": "2026-09-24T12:42:14.505206+00:00", "event": "request", "request_id": "f31b9e7c-c0aa-4439-9a0a-3233c5d1984c", "path": "/api/dashboard/preferences", "method": "GET", "status": 200, "latency_ms": 591.61}
{"ts": "2026-09-24T12:42:14.677174+00:00", "event": "request", "request_id": "348e979b-2279-4967-9bed-733a67420908", "path": "/api/dashboard/attention", "method": "GET", "status": 200, "latency_ms": 1355.64}
{"ts": "2026-09-24T12:42:15.346307+00:00", "event": "request", "request_id": "175e432a-2e47-4ab9-894e-0d37d9ae417f", "path": "/api/dashboard/analytics", "method": "GET", "status": 200, "latency_ms": 2025.09}
{"ts": "2026-09-24T12:42:15.575697+00:00", "event": "request", "request_id": "17db36d1-b30a-4ca1-a363-78ffa08891cc", "path": "/api/kpi/users-with-category", "method": "GET", "status": 200, "latency_ms": 685.37}
{"ts": "2026-09-24T12:42:15.745822+00:00", "event": "request", "request_id": "977fdd52-439a-474e-bda3-6ddefa4c787d", "path": "/api/dashboard/attention", "method": "GET", "status": 200, "latency_ms": 1043.8}
{"ts": "2026-09-24T12:42:15.778177+00:00", "event": "request", "request_id": "31171102-7a48-475d-97c3-b14b5b07d999", "path": "/api/kpi/admin-sheet", "method": "GET", "status": 200, "latency_ms": 404.25}
{"ts": "2026-09-24T12:42:16.130277+00:00", "event": "request", "request_id": "3303e074-5595-4523-9941-4d198475753c", "path": "/api/kpi/admin-sheet", "method": "GET", "status": 200, "latency_ms": 342.91}
{"ts": "2026-09-24T12:42:16.153627+00:00", "event": "request", "request_id": "8fc87139-4269-4054-b788-2579cf6220ce", "path": "/api/kpi/users-with-category", "method": "GET", "status": 200, "latency_ms": 399.13}
{"ts": "2026-09-24T12:42:16.204089+00:00", "event": "request", "request_id": "83b85254-5836-4566-8780-9a527e77d539", "path": "/api/kpi/review", "method": "GET", "status": 200, "latency_ms": 1312.02}
{"ts": "2026-09-24T12:42:16.788361+00:00", "event": "request", "request_id": "577da379-9b9c-4f3e-a156-cb720d952da9", "path": "/api/kpi/review", "method": "GET", "status": 200, "latency_ms": 569.15}
{"ts": "2026-09-24T12:42:17.108352+00:00", "event": "request", "request_id": "e514306b-1ce7-4b67-8a39-de5ea993ff19", "path": "/api/notifications", "method": "GET", "status": 200, "latency_ms": 3774.72}
{"ts": "2026-09-24T12:42:18.144853+00:00", "event": "request", "request_id": "383e9951-1848-4b4c-a8bd-c3d189a279d4", "path": "/api/dashboard/summary", "method": "GET", "status": 200, "latency_ms": 4825.28}
{"ts": "2026-09-24T12:42:18.271877+00:00", "event": "request", "request_id": "d926d5d4-856d-443a-9fff-a18bc9fde5f6", "path": "/api/dashboard/analytics", "method": "GET", "status": 200, "latency_ms": 2669.08}
{"ts": "2026-09-24T12:42:20.169550+00:00", "event": "request", "request_id": "ce72c486-767f-497e-897f-f5a67576a34b", "path": "/api/notifications", "method": "GET", "status": 200, "latency_ms": 3049.6}
{"ts": "2026-09-24T12:42:20.802067+00:00", "event": "request", "request_id": "c57be280-59d3-4685-a7c1-0215ffa153d2", "path": "/api/dashboard/summary", "method": "GET", "status": 200, "latency_ms": 2629.98}
{"ts": "2026-09-24T12:42:23.203958+00:00", "event": "request", "request_id": "057cf4d2-e58a-4150-94f7-942f980f4bd6", "path": "/api/notifications", "method": "GET", "status": 200, "latency_ms": 3005.95}
{"ts": "2026-09-24T12:43:10.454939+00:00", "event": "request", "request_id": "55dc760d-fd72-410d-b483-40d56ba8f49b", "path": "/api/users/assignable", "method": "GET", "status": 200, "latency_ms": 1111.87}
{"ts": "2026-09-24T12:43:10.893946+00:00", "event": "request", "request_id": "1b42322e-b3de-445f-a9b7-7afcfd930ecf", "path": "/api/users/assignable", "method": "GET", "status": 200, "latency_ms": 414.86}
{"ts": "2026-09-24T12:43:11.137252+00:00", "event": "request", "request_id": "8965bbab-e163-4da3-a4c1-2ed1ed4c19ea", "path": "/api/forecast/summary", "method": "GET", "status": 200, "latency_ms": 1794.64}
{"ts": "2026-09-24T12:43:11.494238+00:00", "event": "request", "request_id": "2840985d-90f8-4659-931a-4ca4fe3e73f4", "path": "/api/users/assignable", "method": "GET", "status": 200, "latency_ms": 386.47}
{"ts": "2026-09-24T12:43:11.856931+00:00", "event": "request", "request_id": "b4c8bd13-8744-405a-aa73-8c523979ec7c", "path": "/api/forecast/summary", "method": "GET", "status": 200, "latency_ms": 685.65}
{"ts": "2026-09-24T12:43:11.973617+00:00", "event": "request", "request_id": "ff0613dc-ac31-40fa-bbba-1b9a79d9162e", "path": "/api/users/assignable", "method": "GET", "status": 200, "latency_ms": 455.32}
{"ts": "2026-09-24T12:43:12.023940+00:00", "event": "request", "request_id": "368b2a6b-e3c3-40d8-b70b-72334c0a06b2", "path": "/api/notifications", "method": "GET", "status": 200, "latency_ms": 2987.69}
{"ts": "2026-09-24T12:43:13.950214+00:00", "event": "request", "request_id": "02056a72-c35b-417e-8a5b-f9e50ca4b92c", "path": "/api/generic-actions", "method": "GET", "status": 200, "latency_ms": 2843.73}
{"ts": "2026-09-24T12:43:14.295160+00:00", "event": "request", "request_id": "8c57d283-670c-4db1-b858-7f6e64741362", "path": "/api/notifications", "method": "GET", "status": 200, "latency_ms": 2262.48}
{"ts": "2026-09-24T12:43:16.584829+00:00", "event": "request", "request_id": "e3dbd427-e1d5-4b8e-b93f-0615a447f8ea", "path": "/api/generic-actions", "method": "GET", "status": 200, "latency_ms": 2602.9}
{"ts": "2026-09-24T12:43:24.375511+00:00", "event": "request", "request_id": "368d195c-4d49-4ce3-8d57-48fe58001b5e", "path": "/api/search", "method": "GET", "status": 200, "latency_ms": 3862.23}
{"ts": "2026-09-24T12:43:42.980660+00:00", "event": "request", "request_id": "05f1440c-56a8-44e5-a803-7ad7c2057f32", "path": "/api/users/assignable", "method": "GET", "status": 200, "latency_ms": 508.51}
{"ts": "2026-09-24T12:43:43.490318+00:00", "event": "request", "request_id": "88984574-a035-48d4-8836-2db3d075c559", "path": "/api/users/assignable", "method": "GET", "status": 200, "latency_ms": 499.05}
{"ts": "2026-09-24T12:43:43.969095+00:00", "event": "request", "request_id": "38666c37-dc16-4e31-b6bf-c0e8db9feae2", "path": "/api/notifications", "method": "GET", "status": 200, "latency_ms": 1798.45}
{"ts": "2026-09-24T12:43:45.150251+00:00", "event": "request", "request_id": "cb86ae88-e270-4570-8f1e-c73c37c3e46f", "path": "/api/leads/31", "method": "GET", "status": 200, "latency_ms": 2678.43}
{"ts": "2026-09-24T12:43:48.434611+00:00", "event": "request", "request_id": "9061457a-043b-40ad-82ba-08a3e9545a65", "path": "/api/leads/31", "method": "GET", "status": 200, "latency_ms": 3276.42}
{"ts": "2026-09-24T12:43:53.525767+00:00", "event": "request", "request_id": "81db557a-f661-4c27-9798-d0c95e0b840d", "path": "/api/search", "method": "GET", "status": 200, "latency_ms": 4042.88}
{"ts": "2026-09-24T12:45:48.851834+00:00", "event": "request", "request_id": "837331fc-cf21-4c5f-ba9c-f24e531fc4bc", "path": "/api/kpi/users-with-category", "method": "GET", "status": 200, "latency_ms": 285.33}
{"ts": "2026-09-24T12:45:48.978371+00:00", "event": "request", "request_id": "ca9d53a2-3572-40e3-91f2-b3e8b8d99ce9", "path": "/api/kpi/admin-sheet", "method": "GET", "status": 200, "latency_ms": 405.89}
{"ts": "2026-09-24T12:45:49.019365+00:00", "event": "request", "request_id": "bc41e104-6248-4b28-adc3-84abfcb99e21", "path": "/api/kpi/review", "method": "GET", "status": 200, "latency_ms": 448.24}
{"ts": "2026-09-24T12:45:49.186184+00:00", "event": "request", "request_id": "d523d547-36f6-4f1f-bd2e-39f26d933445", "path": "/api/kpi/users-with-category", "method": "GET", "status": 200, "latency_ms": 309.59}
{"ts": "2026-09-24T12:45:49.386749+00:00", "event": "request", "request_id": "63b9bcef-cdc3-40e4-b253-9fda3079c23b", "path": "/api/kpi/admin-sheet", "method": "GET", "status": 200, "latency_ms": 380.06}
{"ts": "2026-09-24T12:45:49.606522+00:00", "event": "request", "request_id": "4873ae35-0e9a-4e6c-8d35-7ef4e85d9f5a", "path": "/api/kpi/review", "method": "GET", "status": 200, "latency_ms": 578.33}
{"ts": "2026-09-24T12:45:51.487900+00:00", "event": "request", "request_id": "020e5462-d704-40b2-a7a3-2ec459062a07", "path": "/api/notifications", "method": "GET", "status": 200, "latency_ms": 2914.0}
{"ts": "2026-09-24T12:45:55.153915+00:00", "event": "request", "request_id": "60c32afa-ee3f-4950-932a-f09e3fb8b28c", "path": "/api/kpi/admin-sheet", "method": "GET", "status": 200, "latency_ms": 420.32}
{"ts": "2026-09-24T12:50:02.191466+00:00", "event": "request", "request_id": "e20cb26f-1cb8-4ce8-a4f1-b4606c1c1e59", "path": "/api/rfps", "method": "GET", "status": 200, "latency_ms": 1755.2}
{"ts": "2026-09-24T12:50:02.906491+00:00", "event": "request", "request_id": "8d1f31cd-f76d-430f-9477-9867e087faad", "path": "/api/rfps", "method": "GET", "status": 200, "latency_ms": 689.83}
{"ts": "2026-09-24T12:50:04.785230+00:00", "event": "request", "request_id": "c8b78801-83e2-460b-83d0-f91ada562952", "path": "/api/notifications", "method": "GET", "status": 200, "latency_ms": 4655.13}
{"ts": "2026-09-24T12:59:43.046822+00:00", "event": "request", "request_id": "39e8c67a-884c-44dc-a20c-494938915685", "path": "/api/rfps", "method": "GET", "status": 200, "latency_ms": 4303.6}
{"ts": "2026-09-24T12:59:44.911833+00:00", "event": "request", "request_id": "0ab56d15-751e-4166-8b20-9605f3129200", "path": "/api/rfps", "method": "GET", "status": 200, "latency_ms": 1835.16}
